2026-05-23 23:27:11,070 - INFO - 로깅 설정 완료. 로그 파일 저장 위치 : C:\Users\USER\Desktop\유체 설계\최적화 계산\Logs\log_119.log
2026-05-23 23:27:11,568 - INFO - symbol : 세아제강_SPPS_10.5_sch40_15A
2026-05-23 23:27:11,571 - INFO - pipe 세아제강_SPPS_10.5_sch40_15A의 내경 : 0.0161
2026-05-23 23:27:11,573 - WARNING - 규격 15A에 해당하는 부품 tee가 데이터셋에 존재하지 않음.
2026-05-23 23:27:11,573 - INFO - 파이프 세아제강_SPPS_10.5_sch40_15A의 규격에 일치하는 부품이 존재하지 않습니다.
2026-05-23 23:27:11,573 - INFO - 
2026-05-23 23:27:11,574 - INFO - symbol : 세아제강_SPPS_10.5_sch40_20A
2026-05-23 23:27:11,574 - INFO - pipe 세아제강_SPPS_10.5_sch40_20A의 내경 : 0.0214
2026-05-23 23:27:11,576 - WARNING - 규격 20A에 해당하는 부품 tee가 데이터셋에 존재하지 않음.
2026-05-23 23:27:11,576 - INFO - 파이프 세아제강_SPPS_10.5_sch40_20A의 규격에 일치하는 부품이 존재하지 않습니다.
2026-05-23 23:27:11,576 - INFO - 
2026-05-23 23:27:11,576 - INFO - symbol : 세아제강_SPPS_10.5_sch40_25A
2026-05-23 23:27:11,577 - INFO - pipe 세아제강_SPPS_10.5_sch40_25A의 내경 : 0.0272
2026-05-23 23:27:11,579 - WARNING - 규격 25A에 해당하는 부품 tee가 데이터셋에 존재하지 않음.
2026-05-23 23:27:11,579 - INFO - 파이프 세아제강_SPPS_10.5_sch40_25A의 규격에 일치하는 부품이 존재하지 않습니다.
2026-05-23 23:27:11,580 - INFO - 
2026-05-23 23:27:11,580 - INFO - symbol : 세아제강_SPPS_10.5_sch40_32A
2026-05-23 23:27:11,582 - INFO - pipe 세아제강_SPPS_10.5_sch40_32A의 내경 : 0.0355
2026-05-23 23:27:11,585 - WARNING - 규격 32A에 해당하는 부품 tee가 데이터셋에 존재하지 않음.
2026-05-23 23:27:11,585 - INFO - 파이프 세아제강_SPPS_10.5_sch40_32A의 규격에 일치하는 부품이 존재하지 않습니다.
2026-05-23 23:27:11,585 - INFO - 
2026-05-23 23:27:11,586 - INFO - symbol : 세아제강_SPPS_10.5_sch40_40A
2026-05-23 23:27:11,587 - INFO - pipe 세아제강_SPPS_10.5_sch40_40A의 내경 : 0.0412
2026-05-23 23:27:11,591 - INFO - 부차적 손실계수 합 : 26.3
2026-05-23 23:27:11,591 - INFO - 총 압력강하 : 273487.7529776015
2026-05-23 23:27:11,594 - INFO - 압축기에 요구되는 배출 압력 : 374812.7529776015
2026-05-23 23:27:11,599 - INFO - 매칭된 압축기: GA 18 VSD_4bar (용량: 11.523380693854984kW, 가격: 19000000.0원)
2026-05-23 23:27:11,601 - INFO - pipe 세아제강_SPPS_10.5_sch40_40A의 총 파이프 비용 : 3933043.5
2026-05-23 23:27:11,609 - INFO - pipe 세아제강_SPPS_10.5_sch40_40A의 총 부속부품 비용 : 3598058.0
2026-05-23 23:27:11,609 - INFO - 총 에너지 비용 : 135154545.94346327
2026-05-23 23:27:11,610 - INFO - 세아제강_SPPS_10.5_sch40_40A의 총 비용 합산 | 배관 : 3933043.5원, 조인트 : 3598058.0원, 압축기 : 19000000.0원, 에너지 : 135154545.94346327원
2026-05-23 23:27:11,611 - INFO - dP_total = 273487.7529776015, fee_total = 161685647.44346327
2026-05-23 23:27:11,611 - INFO -  
2026-05-23 23:27:11,612 - INFO - symbol : 세아제강_SPPS_10.5_sch40_50A
2026-05-23 23:27:11,613 - INFO - pipe 세아제강_SPPS_10.5_sch40_50A의 내경 : 0.052700000000000004
2026-05-23 23:27:11,616 - INFO - 부차적 손실계수 합 : 26.3
2026-05-23 23:27:11,616 - INFO - 총 압력강하 : 80740.9156861061
2026-05-23 23:27:11,618 - INFO - 압축기에 요구되는 배출 압력 : 182065.9156861061
2026-05-23 23:27:11,620 - INFO - 매칭된 압축기: GA 18 VSD_4bar (용량: 4.691591400878835kW, 가격: 19000000.0원)
2026-05-23 23:27:11,620 - INFO - pipe 세아제강_SPPS_10.5_sch40_50A의 총 파이프 비용 : 5219093.5
2026-05-23 23:27:11,628 - INFO - pipe 세아제강_SPPS_10.5_sch40_50A의 총 부속부품 비용 : 4631480.0
2026-05-23 23:27:11,629 - INFO - 총 에너지 비용 : 55026378.315885514
2026-05-23 23:27:11,629 - INFO - 세아제강_SPPS_10.5_sch40_50A의 총 비용 합산 | 배관 : 5219093.5원, 조인트 : 4631480.0원, 압축기 : 19000000.0원, 에너지 : 55026378.315885514원
2026-05-23 23:27:11,629 - INFO - dP_total = 80740.9156861061, fee_total = 83876951.81588551
2026-05-23 23:27:11,629 - INFO -  
2026-05-23 23:27:11,630 - INFO - symbol : 세아제강_SPPS_10.5_sch40_65A
2026-05-23 23:27:11,631 - INFO - pipe 세아제강_SPPS_10.5_sch40_65A의 내경 : 0.06589999999999999
2026-05-23 23:27:11,633 - INFO - 부차적 손실계수 합 : 26.3
2026-05-23 23:27:11,633 - INFO - 총 압력강하 : 27145.427277533563
2026-05-23 23:27:11,638 - INFO - 압축기에 요구되는 배출 압력 : 128470.42727753357
2026-05-23 23:27:11,640 - INFO - 매칭된 압축기: GA 18 VSD_4bar (용량: 1.864390477132675kW, 가격: 19000000.0원)
2026-05-23 23:27:11,643 - INFO - pipe 세아제강_SPPS_10.5_sch40_65A의 총 파이프 비용 : 8320743.5
2026-05-23 23:27:11,647 - INFO - pipe 세아제강_SPPS_10.5_sch40_65A의 총 부속부품 비용 : 5684280.0
2026-05-23 23:27:11,648 - INFO - 총 에너지 비용 : 21866920.402322218
2026-05-23 23:27:11,648 - INFO - 세아제강_SPPS_10.5_sch40_65A의 총 비용 합산 | 배관 : 8320743.5원, 조인트 : 5684280.0원, 압축기 : 19000000.0원, 에너지 : 21866920.402322218원
2026-05-23 23:27:11,649 - INFO - dP_total = 27145.427277533563, fee_total = 54871943.90232222
2026-05-23 23:27:11,649 - INFO -  
2026-05-23 23:27:11,651 - INFO - symbol : 세아제강_SPPS_10.5_sch40_80A
2026-05-23 23:27:11,652 - INFO - pipe 세아제강_SPPS_10.5_sch40_80A의 내경 : 0.07809999999999999
2026-05-23 23:27:11,654 - INFO - 부차적 손실계수 합 : 26.3
2026-05-23 23:27:11,655 - INFO - 총 압력강하 : 11992.273105390475
2026-05-23 23:27:11,656 - INFO - 압축기에 요구되는 배출 압력 : 113317.27310539047
2026-05-23 23:27:11,659 - INFO - 매칭된 압축기: GA 18 VSD_4bar (용량: 0.9137086673791102kW, 가격: 19000000.0원)
2026-05-23 23:27:11,659 - INFO - pipe 세아제강_SPPS_10.5_sch40_80A의 총 파이프 비용 : 11346743.499999998
2026-05-23 23:27:11,669 - INFO - pipe 세아제강_SPPS_10.5_sch40_80A의 총 부속부품 비용 : 6924880.0
2026-05-23 23:27:11,669 - INFO - 총 에너지 비용 : 10716636.319243053
2026-05-23 23:27:11,669 - INFO - 세아제강_SPPS_10.5_sch40_80A의 총 비용 합산 | 배관 : 11346743.499999998원, 조인트 : 6924880.0원, 압축기 : 19000000.0원, 에너지 : 10716636.319243053원
2026-05-23 23:27:11,669 - INFO - dP_total = 11992.273105390475, fee_total = 47988259.81924305
2026-05-23 23:27:11,670 - INFO -  
2026-05-23 23:27:11,670 - INFO - symbol : 세아제강_SPPS_10.5_sch40_100A
2026-05-23 23:27:11,671 - INFO - pipe 세아제강_SPPS_10.5_sch40_100A의 내경 : 0.1023
2026-05-23 23:27:11,676 - INFO - 부차적 손실계수 합 : 26.3
2026-05-23 23:27:11,676 - INFO - 총 압력강하 : 3337.092414570002
2026-05-23 23:27:11,679 - INFO - 압축기에 요구되는 배출 압력 : 104662.09241457
2026-05-23 23:27:11,683 - INFO - 매칭된 압축기: GA 18 VSD_4bar (용량: 0.32924739619029253kW, 가격: 19000000.0원)
2026-05-23 23:27:11,684 - INFO - pipe 세아제강_SPPS_10.5_sch40_100A의 총 파이프 비용 : 14372743.5
2026-05-23 23:27:11,691 - INFO - pipe 세아제강_SPPS_10.5_sch40_100A의 총 부속부품 비용 : 8760880.0
2026-05-23 23:27:11,691 - INFO - 총 에너지 비용 : 3861651.6730108946
2026-05-23 23:27:11,691 - INFO - 세아제강_SPPS_10.5_sch40_100A의 총 비용 합산 | 배관 : 14372743.5원, 조인트 : 8760880.0원, 압축기 : 19000000.0원, 에너지 : 3861651.6730108946원
2026-05-23 23:27:11,692 - INFO - dP_total = 3337.092414570002, fee_total = 45995275.17301089
2026-05-23 23:27:11,692 - INFO -  
2026-05-23 23:27:11,693 - INFO - symbol : 세아제강_SPPS_10.5_sch40_125A
2026-05-23 23:27:11,693 - INFO - pipe 세아제강_SPPS_10.5_sch40_125A의 내경 : 0.12660000000000002
2026-05-23 23:27:11,696 - INFO - 부차적 손실계수 합 : 26.3
2026-05-23 23:27:11,696 - INFO - 총 압력강하 : 1233.7978127789618
2026-05-23 23:27:11,697 - INFO - 압축기에 요구되는 배출 압력 : 102558.79781277897
2026-05-23 23:27:11,699 - INFO - 매칭된 압축기: GA 18 VSD_4bar (용량: 0.18203298249451821kW, 가격: 19000000.0원)
2026-05-23 23:27:11,700 - INFO - pipe 세아제강_SPPS_10.5_sch40_125A의 총 파이프 비용 : 21181243.5
2026-05-23 23:27:11,707 - INFO - pipe 세아제강_SPPS_10.5_sch40_125A의 총 부속부품 비용 : 11272880.0
2026-05-23 23:27:11,708 - INFO - 총 에너지 비용 : 2135014.5195585447
2026-05-23 23:27:11,708 - INFO - 세아제강_SPPS_10.5_sch40_125A의 총 비용 합산 | 배관 : 21181243.5원, 조인트 : 11272880.0원, 압축기 : 19000000.0원, 에너지 : 2135014.5195585447원
2026-05-23 23:27:11,708 - INFO - dP_total = 1233.7978127789618, fee_total = 53589138.01955854
2026-05-23 23:27:11,708 - INFO -  
2026-05-23 23:27:11,709 - INFO - symbol : 세아제강_SPPS_10.5_sch40_150A
2026-05-23 23:27:11,710 - INFO - pipe 세아제강_SPPS_10.5_sch40_150A의 내경 : 0.151
2026-05-23 23:27:11,713 - INFO - 부차적 손실계수 합 : 26.3
2026-05-23 23:27:11,713 - INFO - 총 압력강하 : 546.6772987795046
2026-05-23 23:27:11,715 - INFO - 압축기에 요구되는 배출 압력 : 101871.6772987795
2026-05-23 23:27:11,720 - INFO - 매칭된 압축기: GA 18 VSD_4bar (용량: 0.13347276181021345kW, 가격: 19000000.0원)
2026-05-23 23:27:11,723 - INFO - pipe 세아제강_SPPS_10.5_sch40_150A의 총 파이프 비용 : 25720243.5
2026-05-23 23:27:11,728 - INFO - pipe 세아제강_SPPS_10.5_sch40_150A의 총 부속부품 비용 : 14754880.0
2026-05-23 23:27:11,729 - INFO - 총 에너지 비용 : 1565465.118053353
2026-05-23 23:27:11,729 - INFO - 세아제강_SPPS_10.5_sch40_150A의 총 비용 합산 | 배관 : 25720243.5원, 조인트 : 14754880.0원, 압축기 : 19000000.0원, 에너지 : 1565465.118053353원
2026-05-23 23:27:11,729 - INFO - dP_total = 546.6772987795046, fee_total = 61040588.618053354
2026-05-23 23:27:11,729 - INFO -  
2026-05-23 23:27:11,731 - INFO - symbol : 세아제강_SPPS_10.5_sch40_200A
2026-05-23 23:27:11,732 - INFO - pipe 세아제강_SPPS_10.5_sch40_200A의 내경 : 0.1999
2026-05-23 23:27:11,736 - INFO - 부차적 손실계수 합 : 26.3
2026-05-23 23:27:11,736 - INFO - 총 압력강하 : 151.83824590267392
2026-05-23 23:27:11,737 - INFO - 압축기에 요구되는 배출 압력 : 101476.83824590268
2026-05-23 23:27:11,740 - INFO - 매칭된 압축기: GA 18 VSD_4bar (용량: 0.1054627471013824kW, 가격: 19000000.0원)
2026-05-23 23:27:11,743 - INFO - pipe 세아제강_SPPS_10.5_sch40_200A의 총 파이프 비용 : 37824243.5
2026-05-23 23:27:11,751 - INFO - pipe 세아제강_SPPS_10.5_sch40_200A의 총 부속부품 비용 : 22110880.0
2026-05-23 23:27:11,751 - INFO - 총 에너지 비용 : 1236943.4003025407
2026-05-23 23:27:11,752 - INFO - 세아제강_SPPS_10.5_sch40_200A의 총 비용 합산 | 배관 : 37824243.5원, 조인트 : 22110880.0원, 압축기 : 19000000.0원, 에너지 : 1236943.4003025407원
2026-05-23 23:27:11,752 - INFO - dP_total = 151.83824590267392, fee_total = 80172066.90030254
2026-05-23 23:27:11,752 - INFO -  
2026-05-23 23:27:11,754 - INFO - symbol : 세아제강_SPPS_10.5_sch40_250A
2026-05-23 23:27:11,755 - INFO - pipe 세아제강_SPPS_10.5_sch40_250A의 내경 : 0.2488
2026-05-23 23:27:11,760 - WARNING - 규격 250A에 해당하는 부품 angle_valve가 데이터셋에 존재하지 않음.
2026-05-23 23:27:11,761 - INFO - 파이프 세아제강_SPPS_10.5_sch40_250A의 규격에 일치하는 부품이 존재하지 않습니다.
2026-05-23 23:27:11,761 - INFO - 
2026-05-23 23:27:11,762 - INFO - symbol : 세아제강_SPPS_10.5_sch40_300A
2026-05-23 23:27:11,763 - INFO - pipe 세아제강_SPPS_10.5_sch40_300A의 내경 : 0.2979
2026-05-23 23:27:11,767 - WARNING - 규격 300A에 해당하는 부품 angle_valve가 데이터셋에 존재하지 않음.
2026-05-23 23:27:11,767 - INFO - 파이프 세아제강_SPPS_10.5_sch40_300A의 규격에 일치하는 부품이 존재하지 않습니다.
2026-05-23 23:27:11,768 - INFO - 
2026-05-23 23:27:11,768 - INFO - 결과: 세아제강_SPPS_10.5_sch40_100A : 45995275.17301089원으로 가장 저렴.
2026-05-23 23:27:21,108 - INFO - pipe 세아제강_SPPS_10.5_sch40_100A의 내경 : 0.1023
2026-05-23 23:27:21,112 - INFO - 부차적 손실계수 합 : 26.3
2026-05-23 23:27:21,112 - INFO - 총 압력강하 : 3337.092414570002
2026-05-23 23:27:21,115 - INFO - 압축기에 요구되는 배출 압력 : 104662.09241457
2026-05-23 23:27:21,121 - INFO - 매칭된 압축기: GA 18 VSD_4bar (용량: 0.32924739619029253kW, 가격: 19000000.0원)
2026-05-23 23:27:21,122 - INFO - 배관 레이아웃 1m 단위 분석 준비 완료: C:\Users\USER\Desktop\유체 설계\최적화 계산\Data\pipeline.json
2026-05-23 23:27:21,124 - INFO - pipe 세아제강_SPPS_10.5_sch40_100A의 내경 : 0.1023
2026-05-23 23:27:21,130 - INFO - 부차적 손실계수 합 : 26.3
2026-05-23 23:27:21,131 - INFO - 총 압력강하 : 3337.092414570002
2026-05-23 23:27:21,132 - INFO - obs의 total_joint_dp: 710.8284954887795
2026-05-23 23:27:21,133 - INFO - obs의 total_pipe_dp: 2626.2639190812224
2026-05-23 23:27:21,133 - INFO - 
[ 0.0m 시작 ] 초기 배출 압력: 104,662 Pa
2026-05-23 23:27:21,134 - INFO - [   0.0m 통과 ] 컴프레셔에서 배출 | 현재 압력: 104,649 Pa
2026-05-23 23:27:21,135 - INFO - [   0.0m 통과 ] 컴프레셔 바로 앞 | 현재 압력: 104,615 Pa
2026-05-23 23:27:21,135 - INFO - [   0.5m 통과 ] 입구에서 엘보 1 이전까지의 길이 | 현재 압력: 104,612 Pa
2026-05-23 23:27:21,135 - INFO - [   0.5m 통과 ] 수직 방향으로 전환 | 현재 압력: 104,592 Pa
2026-05-23 23:27:21,136 - INFO - [   2.0m 통과 ] 수직으로 1.5m 이동 | 현재 압력: 104,583 Pa
2026-05-23 23:27:21,136 - INFO - [   2.0m 통과 ] 수평 방향으로 전환 | 현재 압력: 104,562 Pa
2026-05-23 23:27:21,136 - INFO - [   3.5m 통과 ] 티자관 이전 기타 장비까지 이동 | 현재 압력: 104,553 Pa
2026-05-23 23:27:21,136 - INFO - [   3.5m 통과 ] 애프터 드레인 쿨러 및 수분 분리기 | 현재 압력: 104,553 Pa
2026-05-23 23:27:21,136 - INFO - [   3.5m 통과 ] 공기 탱크 | 현재 압력: 104,553 Pa
2026-05-23 23:27:21,136 - INFO - [   3.5m 통과 ] 에어 드라이어 | 현재 압력: 104,553 Pa
2026-05-23 23:27:21,137 - INFO - [   5.0m 통과 ] 에어 드라이어 이후 티자관까지 | 현재 압력: 104,544 Pa
2026-05-23 23:27:21,137 - INFO - [   5.0m 통과 ] 티자관 1번 (전단 바이패스 분기점) | 현재 압력: 104,531 Pa
2026-05-23 23:27:21,137 - INFO - [   5.0m 통과 ] 전단 게이트 밸브 1 | 현재 압력: 104,526 Pa
2026-05-23 23:27:21,137 - INFO - [   8.0m 통과 ] 전단 바이패스 밑의 부분 | 현재 압력: 104,508 Pa
2026-05-23 23:27:21,137 - INFO - [   8.0m 통과 ] 전단 게이트 밸브 2 | 현재 압력: 104,502 Pa
2026-05-23 23:27:21,138 - INFO - [   8.0m 통과 ] 티자관 2번 (상단 바이패스 합류점) | 현재 압력: 104,489 Pa
2026-05-23 23:27:21,138 - INFO - [  11.5m 통과 ] 티자에서 앵글밸브 전까지 | 현재 압력: 104,468 Pa
2026-05-23 23:27:21,138 - INFO - [  11.5m 통과 ] 전단 메인 앵글밸브 | 현재 압력: 104,367 Pa
2026-05-23 23:27:21,140 - INFO - [  60.0m 통과 ] 1구간 앵커 이전 | 현재 압력: 104,078 Pa
2026-05-23 23:27:21,141 - INFO - [  60.0m 통과 ] 앵커 A | 현재 압력: 104,078 Pa
2026-05-23 23:27:21,142 - INFO - [ 108.5m 통과 ] 1구간 앵커 이후 | 현재 압력: 103,789 Pa
2026-05-23 23:27:21,143 - INFO - [ 108.5m 통과 ] 루프 1 진입 앨보 | 현재 압력: 103,769 Pa
2026-05-23 23:27:21,143 - INFO - [ 111.5m 통과 ] 루프 1 진입 배관 | 현재 압력: 103,751 Pa
2026-05-23 23:27:21,143 - INFO - [ 111.5m 통과 ] 루프 1 전환 앨보 전단 | 현재 압력: 103,731 Pa
2026-05-23 23:27:21,143 - INFO - [ 113.5m 통과 ] 루프 1 메인 배관 드레인이전 | 현재 압력: 103,719 Pa
2026-05-23 23:27:21,144 - INFO - [ 115.5m 통과 ] 루프 1 메인 배관 드레인이후 | 현재 압력: 103,707 Pa
2026-05-23 23:27:21,144 - INFO - [ 115.5m 통과 ] 루프 1 전환 앨보 후단 | 현재 압력: 103,686 Pa
2026-05-23 23:27:21,144 - INFO - [ 118.5m 통과 ] 루프 1 탈출 배관 | 현재 압력: 103,669 Pa
2026-05-23 23:27:21,145 - INFO - [ 118.5m 통과 ] 루프 1 탈출 앨보 | 현재 압력: 103,648 Pa
2026-05-23 23:27:21,146 - INFO - [ 167.0m 통과 ] 2구간 앵커 이전 | 현재 압력: 103,359 Pa
2026-05-23 23:27:21,146 - INFO - [ 167.0m 통과 ] 앵커 B | 현재 압력: 103,359 Pa
2026-05-23 23:27:21,146 - INFO - [ 215.5m 통과 ] 2구간 앵커 이후 | 현재 압력: 103,071 Pa
2026-05-23 23:27:21,147 - INFO - [ 215.5m 통과 ] 루프 2 진입 앨보 | 현재 압력: 103,050 Pa
2026-05-23 23:27:21,148 - INFO - [ 218.5m 통과 ] 루프 2 진입 배관 | 현재 압력: 103,032 Pa
2026-05-23 23:27:21,148 - INFO - [ 218.5m 통과 ] 루프 2 전환 앨보 전단 | 현재 압력: 103,012 Pa
2026-05-23 23:27:21,149 - INFO - [ 220.5m 통과 ] 루프 2 메인 배관 드레인이전 | 현재 압력: 103,000 Pa
2026-05-23 23:27:21,149 - INFO - [ 222.5m 통과 ] 루프 2 메인 배관 드레인이후 | 현재 압력: 102,988 Pa
2026-05-23 23:27:21,149 - INFO - [ 222.5m 통과 ] 루프 2 전환 앨보 후단 | 현재 압력: 102,968 Pa
2026-05-23 23:27:21,149 - INFO - [ 225.5m 통과 ] 루프 2 탈출 배관 | 현재 압력: 102,950 Pa
2026-05-23 23:27:21,150 - INFO - [ 225.5m 통과 ] 루프 2 탈출 앨보 | 현재 압력: 102,930 Pa
2026-05-23 23:27:21,150 - INFO - [ 274.0m 통과 ] 3구간 앵커 이전 | 현재 압력: 102,641 Pa
2026-05-23 23:27:21,150 - INFO - [ 274.0m 통과 ] 앵커 C | 현재 압력: 102,641 Pa
2026-05-23 23:27:21,150 - INFO - [ 322.5m 통과 ] 3구간 앵커 이후 | 현재 압력: 102,352 Pa
2026-05-23 23:27:21,152 - INFO - [ 322.5m 통과 ] 루프 3 진입 앨보 | 현재 압력: 102,332 Pa
2026-05-23 23:27:21,152 - INFO - [ 325.5m 통과 ] 루프 3 진입 배관 | 현재 압력: 102,314 Pa
2026-05-23 23:27:21,152 - INFO - [ 325.5m 통과 ] 루프 3 전환 앨보 전단 | 현재 압력: 102,294 Pa
2026-05-23 23:27:21,152 - INFO - [ 327.5m 통과 ] 루프 3 메인 배관 드레인이전 | 현재 압력: 102,282 Pa
2026-05-23 23:27:21,153 - INFO - [ 329.5m 통과 ] 루프 3 메인 배관 드레인이후 | 현재 압력: 102,270 Pa
2026-05-23 23:27:21,153 - INFO - [ 329.5m 통과 ] 루프 3 전환 앨보 후단 | 현재 압력: 102,250 Pa
2026-05-23 23:27:21,153 - INFO - [ 332.5m 통과 ] 루프 3 탈출 배관 | 현재 압력: 102,232 Pa
2026-05-23 23:27:21,153 - INFO - [ 332.5m 통과 ] 루프 3 탈출 앨보 | 현재 압력: 102,212 Pa
2026-05-23 23:27:21,153 - INFO - [ 381.0m 통과 ] 4구간 앵커 이전 | 현재 압력: 101,923 Pa
2026-05-23 23:27:21,154 - INFO - [ 381.0m 통과 ] 앵커 D | 현재 압력: 101,923 Pa
2026-05-23 23:27:21,154 - INFO - [ 429.5m 통과 ] 4구간 앵커 이후 | 현재 압력: 101,634 Pa
2026-05-23 23:27:21,154 - INFO - [ 429.5m 통과 ] 후단 진입 앵글밸브 | 현재 압력: 101,533 Pa
2026-05-23 23:27:21,155 - INFO - [ 433.0m 통과 ] 앵글밸브에서 티자 3번까지 구간 | 현재 압력: 101,512 Pa
2026-05-23 23:27:21,155 - INFO - [ 433.0m 통과 ] 티자 3번 (후단 바이패스 분기점) | 현재 압력: 101,498 Pa
2026-05-23 23:27:21,157 - INFO - [ 433.0m 통과 ] 후단 전단 게이트 밸브 | 현재 압력: 101,493 Pa
2026-05-23 23:27:21,161 - INFO - [ 436.0m 통과 ] 후단 메인 배관 길이 | 현재 압력: 101,475 Pa
2026-05-23 23:27:21,162 - INFO - [ 436.0m 통과 ] 후단 후단 게이트 밸브 | 현재 압력: 101,470 Pa
2026-05-23 23:27:21,162 - INFO - [ 436.0m 통과 ] 티자 4번 (후단 바이패스 합류점) | 현재 압력: 101,456 Pa
2026-05-23 23:27:21,163 - INFO - [ 438.0m 통과 ] 티자에서 하강 엘보 전까지 구간 | 현재 압력: 101,444 Pa
2026-05-23 23:27:21,163 - INFO - [ 438.0m 통과 ] 후단 체크밸브 | 현재 압력: 101,410 Pa
2026-05-23 23:27:21,163 - INFO - [ 438.0m 통과 ] 후단 수직 하강 엘보 | 현재 압력: 101,390 Pa
2026-05-23 23:27:21,163 - INFO - [ 439.5m 통과 ] 후단 수직 하강 배관 | 현재 압력: 101,381 Pa
2026-05-23 23:27:21,164 - INFO - [ 439.5m 통과 ] 후단 수평 전환 엘보 | 현재 압력: 101,361 Pa
2026-05-23 23:27:21,164 - INFO - [ 439.5m 통과 ] 루브리케이터 (급유기) | 현재 압력: 101,361 Pa
2026-05-23 23:27:21,164 - INFO - [ 439.5m 통과 ] 방향제어밸브 및 속도제어밸브 | 현재 압력: 101,361 Pa
2026-05-23 23:27:21,166 - INFO - [ 441.0m 통과 ] 출구 직전 최종 배관 | 현재 압력: 101,352 Pa
2026-05-23 23:27:21,166 - INFO - [ 441.0m 통과 ] 에어 실린더 (최종 장비 연결) | 현재 압력: 101,352 Pa
2026-05-23 23:27:21,166 - INFO - [ 441.0m 통과 ] 끝 | 현재 압력: 101,325 Pa
2026-05-23 23:27:21,166 - INFO - [ 최종 도달 ] 최종 압력: 101,325 Pa

